[2026-07-26 14:05:13] [INFO] [VerifySRInfra:verify_infra.py:35] Initializing Phase 1 Infrastructure Diagnostics...
[2026-07-26 14:05:13] [INFO] [VerifySRInfra:device.py:35] ============================================================
[2026-07-26 14:05:13] [INFO] [VerifySRInfra:device.py:36] SYSTEM ENVIRONMENT DIAGNOSTIC
[2026-07-26 14:05:13] [INFO] [VerifySRInfra:device.py:37] ============================================================
[2026-07-26 14:05:13] [INFO] [VerifySRInfra:device.py:38] Operating System: Windows 10 (AMD64)
[2026-07-26 14:05:13] [INFO] [VerifySRInfra:device.py:39] Processor Name:   Intel64 Family 6 Model 186 Stepping 2, GenuineIntel
[2026-07-26 14:05:13] [INFO] [VerifySRInfra:device.py:40] Python Version:   3.10.11 (D:\MINI PROJECT-ImageSuperResolution\ImageSuperResolution\training\venv\Scripts\python.exe)
[2026-07-26 14:05:13] [INFO] [VerifySRInfra:device.py:41] PyTorch Version:  2.13.0+cpu
[2026-07-26 14:05:13] [INFO] [VerifySRInfra:device.py:44] CUDA Available:   False
[2026-07-26 14:05:13] [INFO] [VerifySRInfra:device.py:52] CUDA GPU devices are not active or not installed.
[2026-07-26 14:05:13] [INFO] [VerifySRInfra:device.py:55] Selected Device:  cpu
[2026-07-26 14:05:13] [INFO] [VerifySRInfra:device.py:56] ============================================================
[2026-07-26 14:05:13] [INFO] [VerifySRInfra:verify_infra.py:42] Backing up verified configuration to: D:\MINI PROJECT-ImageSuperResolution\ImageSuperResolution\training\outputs\runs\edsr_distillation_default\configs\config.yaml
[2026-07-26 14:05:13] [INFO] [VerifySRInfra:verify_infra.py:47] Configuring reproducibility seeds to: 42
[2026-07-26 14:05:13] [INFO] [VerifySRInfra:verify_infra.py:50] System Paths Created successfully:
[2026-07-26 14:05:13] [INFO] [VerifySRInfra:verify_infra.py:51]   Run directory:        D:\MINI PROJECT-ImageSuperResolution\ImageSuperResolution\training\outputs\runs\edsr_distillation_default
[2026-07-26 14:05:13] [INFO] [VerifySRInfra:verify_infra.py:52]   Checkpoints directory:D:\MINI PROJECT-ImageSuperResolution\ImageSuperResolution\training\outputs\runs\edsr_distillation_default\checkpoints
[2026-07-26 14:05:13] [INFO] [VerifySRInfra:verify_infra.py:53]   Samples directory:    D:\MINI PROJECT-ImageSuperResolution\ImageSuperResolution\training\outputs\runs\edsr_distillation_default\samples
[2026-07-26 14:05:13] [INFO] [VerifySRInfra:verify_infra.py:54]   Logs directory:       D:\MINI PROJECT-ImageSuperResolution\ImageSuperResolution\training\outputs\runs\edsr_distillation_default\logs
[2026-07-26 14:05:13] [INFO] [VerifySRInfra:verify_infra.py:55]   Configs backup:       D:\MINI PROJECT-ImageSuperResolution\ImageSuperResolution\training\outputs\runs\edsr_distillation_default\configs
[2026-07-26 14:05:13] [INFO] [VerifySRInfra:verify_infra.py:57] ============================================================
[2026-07-26 14:05:13] [INFO] [VerifySRInfra:verify_infra.py:58] PHASE 1 DIAGNOSTIC RESULTS: SUCCESS
[2026-07-26 14:05:13] [INFO] [VerifySRInfra:verify_infra.py:59] All modular infrastructure utilities functioning as specified.
[2026-07-26 14:05:13] [INFO] [VerifySRInfra:verify_infra.py:60] ============================================================
